hdjhcjcjsvshv
vjbvjb
vjvbjk
esc
dsv
v
